programer10@MAX05-03 MINGW64 ~
$ '/d/Podaci/programer10/Documents/HTML5_vjezbe/REspozivni web/Blog Template'^C

programer10@MAX05-03 MINGW64 ~
$ cd '/d/Podaci/programer10/Documents/HTML5_vjezbe/REspozivni web/Blog Template'

programer10@MAX05-03 MINGW64 /d/Podaci/programer10/Documents/HTML5_vjezbe/REspoz                 ivni web/Blog Template
$ git clone https://github.com/mojposao100/ProjektWeb.git
Cloning into 'ProjektWeb'...
remote: Enumerating objects: 5, done.
remote: Counting objects: 100% (5/5), done.
remote: Compressing objects: 100% (4/4), done.
remote: Total 5 (delta 0), reused 0 (delta 0), pack-reused 0
Unpacking objects: 100% (5/5), done.

programer10@MAX05-03 MINGW64 /d/Podaci/programer10/Documents/HTML5_vjezbe/REspoz                 ivni web/Blog Template
$ pwd
/d/Podaci/programer10/Documents/HTML5_vjezbe/REspozivni web/Blog Template

programer10@MAX05-03 MINGW64 /d/Podaci/programer10/Documents/HTML5_vjezbe/REspoz                 ivni web/Blog Template
$ cd ProjektWeb/

programer10@MAX05-03 MINGW64 /d/Podaci/programer10/Documents/HTML5_vjezbe/REspoz                 ivni web/Blog Template/ProjektWeb (master)
$ npm install

> node-sass@4.10.0 install D:\Podaci\programer10\Documents\HTML5_vjezbe\REspoziv                 ni web\Blog Template\ProjektWeb\node_modules\node-sass
> node scripts/install.js

Downloading binary from https://github.com/sass/node-sass/releases/download/v4.1                 0.0/win32-x64-57_binding.node
Download complete
Binary saved to D:\Podaci\programer10\Documents\HTML5_vjezbe\REspozivni web\Blog Template\ProjektWeb\node_modules\node-sass\vendor\win32-x64-57\binding.node
Caching binary to C:\Users\programer10\AppData\Roaming\npm-cache\node-sass\4.10.0\win32-x64-57_binding.node

> node-sass@4.10.0 postinstall D:\Podaci\programer10\Documents\HTML5_vjezbe\REspozivni web\Blog Template\ProjektWeb\node_modules\node-sass
> node scripts/build.js

Binary found at D:\Podaci\programer10\Documents\HTML5_vjezbe\REspozivni web\Blog Template\ProjektWeb\node_modules\node-sass\vendor\win32-x64-57\binding.node
Testing binary
Binary is fine
npm notice created a lockfile as package-lock.json. You should commit this file.
npm WARN ProjektWeb@1.0.0 No repository field.
npm WARN optional SKIPPING OPTIONAL DEPENDENCY: fsevents@1.2.4 (node_modules\fsevents):
npm WARN notsup SKIPPING OPTIONAL DEPENDENCY: Unsupported platform for fsevents@1.2.4: wanted {"os":"darwin","arch":"any"} (current: {"os":"win32","arch":"x64"})

added 607 packages from 420 contributors and audited 9572 packages in 121.961s
found 0 vulnerabilities


programer10@MAX05-03 MINGW64 /d/Podaci/programer10/Documents/HTML5_vjezbe/REspozivni web/Blog Template/ProjektWeb (master)
$ npm install bootstrap
npm WARN bootstrap@4.1.3 requires a peer of popper.js@^1.14.3 but none is installed. You must install peer dependencies yourself.
npm WARN ProjektWeb@1.0.0 No repository field.
npm WARN optional SKIPPING OPTIONAL DEPENDENCY: fsevents@1.2.4 (node_modules\fsevents):
npm WARN notsup SKIPPING OPTIONAL DEPENDENCY: Unsupported platform for fsevents@1.2.4: wanted {"os":"darwin","arch":"any"} (current: {"os":"win32","arch":"x64"})

+ bootstrap@4.1.3
added 1 package from 2 contributors and audited 9573 packages in 5.668s
found 0 vulnerabilities


programer10@MAX05-03 MINGW64 /d/Podaci/programer10/Documents/HTML5_vjezbe/REspozivni web/Blog Template/ProjektWeb (master)
$ git add .
warning: LF will be replaced by CRLF in dist/css/style.min.css.
The file will have its original line endings in your working directory.
warning: LF will be replaced by CRLF in package-lock.json.
The file will have its original line endings in your working directory.
warning: LF will be replaced by CRLF in package.json.
The file will have its original line endings in your working directory.

programer10@MAX05-03 MINGW64 /d/Podaci/programer10/Documents/HTML5_vjezbe/REspozivni web/Blog Template/ProjektWeb (master)
$ git commit -m "App init (iniciliziramo aplikaciju)"
[master 5920d1e] App init (iniciliziramo aplikaciju)
 Committer: programer10 <programer10@ucione.local>
Your name and email address were configured automatically based
on your username and hostname. Please check that they are accurate.
You can suppress this message by setting them explicitly. Run the
following command and follow the instructions in your editor to edit
your configuration file:

    git config --global --edit

After doing this, you may fix the identity used for this commit with:

    git commit --amend --reset-author

 11 files changed, 6278 insertions(+)
 create mode 100644 dist/css/style.min.css
 create mode 100644 dist/js/app.min.js
 create mode 100644 gulpfile.js
 create mode 100644 img/ajax-loader.gif
 create mode 100644 img/stars.jpg
 create mode 100644 package-lock.json
 create mode 100644 package.json
 create mode 100644 src/js/app.js
 create mode 100644 src/scss/base/mixins.scss
 create mode 100644 src/scss/base/variables.scss
 create mode 100644 src/scss/style.scss

programer10@MAX05-03 MINGW64 /d/Podaci/programer10/Documents/HTML5_vjezbe/REspozivni web/Blog Template/ProjektWeb (master)
$ git fetch

programer10@MAX05-03 MINGW64 /d/Podaci/programer10/Documents/HTML5_vjezbe/REspozivni web/Blog Template/ProjektWeb (master)
$ git checkout develop
Branch develop set up to track remote branch develop from origin.
Switched to a new branch 'develop'

programer10@MAX05-03 MINGW64 /d/Podaci/programer10/Documents/HTML5_vjezbe/REspozivni web/Blog Template/ProjektWeb (develop)
$ git merge master
Updating ffd03cb..5920d1e
Fast-forward
 dist/css/style.min.css       |    1 +
 dist/js/app.min.js           |    1 +
 gulpfile.js                  |   85 +
 img/ajax-loader.gif          |  Bin 0 -> 3208 bytes
 img/stars.jpg                |  Bin 0 -> 468884 bytes
 package-lock.json            | 6051 ++++++++++++++++++++++++++++++++++++++++++
 package.json                 |   27 +
 src/js/app.js                |   42 +
 src/scss/base/mixins.scss    |    5 +
 src/scss/base/variables.scss |   17 +
 src/scss/style.scss          |   49 +
 11 files changed, 6278 insertions(+)
 create mode 100644 dist/css/style.min.css
 create mode 100644 dist/js/app.min.js
 create mode 100644 gulpfile.js
 create mode 100644 img/ajax-loader.gif
 create mode 100644 img/stars.jpg
 create mode 100644 package-lock.json
 create mode 100644 package.json
 create mode 100644 src/js/app.js
 create mode 100644 src/scss/base/mixins.scss
 create mode 100644 src/scss/base/variables.scss
 create mode 100644 src/scss/style.scss

programer10@MAX05-03 MINGW64 /d/Podaci/programer10/Documents/HTML5_vjezbe/REspozivni web/Blog Template/ProjektWeb (develop)
$ git status
On branch develop
Your branch is ahead of 'origin/develop' by 1 commit.
  (use "git push" to publish your local commits)
Changes not staged for commit:
  (use "git add <file>..." to update what will be committed)
  (use "git checkout -- <file>..." to discard changes in working directory)

        modified:   src/scss/style.scss

Untracked files:
  (use "git add <file>..." to include in what will be committed)

        index.html

no changes added to commit (use "git add" and/or "git commit -a")

programer10@MAX05-03 MINGW64 /d/Podaci/programer10/Documents/HTML5_vjezbe/REspozivni web/Blog Template/ProjektWeb (develop)
$ git add .

programer10@MAX05-03 MINGW64 /d/Podaci/programer10/Documents/HTML5_vjezbe/REspozivni web/Blog Template/ProjektWeb (develop)
$ git commit -m "postavio index stranicu"
[develop ef9fe3b] postavio index stranicu
 Committer: programer10 <programer10@ucione.local>
Your name and email address were configured automatically based
on your username and hostname. Please check that they are accurate.
You can suppress this message by setting them explicitly. Run the
following command and follow the instructions in your editor to edit
your configuration file:

    git config --global --edit

After doing this, you may fix the identity used for this commit with:

    git commit --amend --reset-author

 2 files changed, 52 insertions(+), 49 deletions(-)
 create mode 100644 index.html
 rewrite src/scss/style.scss (66%)

programer10@MAX05-03 MINGW64 /d/Podaci/programer10/Documents/HTML5_vjezbe/REspozivni web/Blog Template/ProjektWeb (develop)
$
